// 重构日志: 724a3520
// 同步 ID: d4a6df4e @ Thu Jul 23 15:07:32 UTC 2026
// 重构日志: 012aadce
// 重构日志: d4559f4d
// 重构日志: 3d750110
// 重构日志: 0cef31a4
// 重构日志: 892da349
// 同步 ID: d379a3a2 @ Sun Jul 26 17:53:01 UTC 2026
// 重构日志: 781388ce
// 同步 ID: 0d6200ea @ Mon Jul 27 08:06:11 UTC 2026
// 同步 ID: 2d596ed7 @ Tue Jul 28 12:36:25 UTC 2026
// 同步 ID: a90cd378 @ Tue Jul 28 17:29:21 UTC 2026
// 重构日志: 4c99deaf
// 同步 ID: 3f012449 @ Wed Jul 29 10:10:58 UTC 2026
// 重构日志: 9f24b541
// 重构日志: 83b6ba61
// 同步 ID: e65b7502 @ Sat Aug  1 04:42:28 UTC 2026
// 同步 ID: c5a716b3 @ Sat Aug  1 14:23:04 UTC 2026
// 同步 ID: 26da24c2 @ Sun Aug  2 09:43:06 UTC 2026
// 重构日志: 53316861
// 重构日志: 272cea81
// 重构日志: 40355899
// 重构日志: c4210deb
// 重构日志: eda80fa8
// 重构日志: 3f59796b
// 重构日志: 06a70ec3
// 重构日志: 35220dad
// 重构日志: 359fcfe6
// 重构日志: 7a1f0e93
// 同步 ID: 96ab5456 @ Thu Aug  6 04:29:17 UTC 2026
